\BOOKMARK [0][-]{TranslatorPreface.0}{\376\377\213\321\200\005\136\217}{}% 1
\BOOKMARK [0][-]{AboutFyenman.0}{\376\377\121\163\116\216\215\071\146\374}{}% 2
\BOOKMARK [0][-]{PrefaceOfNewEdition.0}{\376\377\145\260\123\103\136\164\162\110\122\115\212\000}{}% 3
\BOOKMARK [1][-]{RecallofLecture.1}{\376\377\215\071\140\151\146\374\213\262\116\111\166\204\126\336\137\306}{PrefaceOfNewEdition.0}% 4
\BOOKMARK [1][-]{CorrectionHistory.1}{\376\377\145\071\225\031\166\204\123\206\123\362}{PrefaceOfNewEdition.0}% 5
\BOOKMARK [1][-]{HowThisEditionBeCreated.1}{\376\377\217\331\116\000\145\260\123\103\136\164\162\110\146\057\140\016\150\067\116\247\165\037\166\204}{PrefaceOfNewEdition.0}% 6
\BOOKMARK [1][-]{Thanks.1}{\376\377\236\043\214\042}{PrefaceOfNewEdition.0}% 7
\BOOKMARK [0][-]{FeynmanPreface.0}{\376\377\215\071\146\374\201\352\136\217}{}% 8
\BOOKMARK [0][-]{Preface.0}{\376\377\122\115\212\000}{}% 9
\BOOKMARK [1][-]{VolumeIPreface.1}{\376\377\173\054\116\000\220\350\122\006\122\115\212\000}{Preface.0}% 10
\BOOKMARK [1][-]{VolumeIIPreface.1}{\376\377\173\054\116\214\220\350\122\006\122\115\212\000}{Preface.0}% 11
\BOOKMARK [1][-]{VolumeIIIPreface.1}{\376\377\173\054\116\011\220\350\122\006\122\115\212\000}{Preface.0}% 12
\BOOKMARK [0][-]{BriefContents.0}{\376\377\166\356\137\125}{}% 13
\BOOKMARK [0][-]{Contents.0}{\376\377\213\346\176\306\166\356\137\125}{}% 14
\BOOKMARK [-1][-]{part.1}{\376\377\173\054\116\000\220\350\122\006\000\040\122\233\133\146\060\001\217\220\134\004\124\214\160\355\133\146}{}% 15
\BOOKMARK [0][-]{chapter.1}{\376\377\173\054\116\000\172\340\000\040\000\040\123\237\133\120\166\204\217\320\122\250}{part.1}% 16
\BOOKMARK [1][-]{section.1.1}{\376\377\0001\000.\0001\000\040\137\025\212\000}{chapter.1}% 17
\BOOKMARK [1][-]{section.1.2}{\376\377\0001\000.\0002\000\040\162\151\215\050\146\057\123\237\133\120\147\204\142\020\166\204}{chapter.1}% 18
\BOOKMARK [1][-]{section.1.3}{\376\377\0001\000.\0003\000\040\123\237\133\120\217\307\172\013}{chapter.1}% 19
\BOOKMARK [1][-]{section.1.4}{\376\377\0001\000.\0004\000\040\123\026\133\146\123\315\136\224}{chapter.1}% 20
\BOOKMARK [0][-]{chapter.2}{\376\377\173\054\116\214\172\340\000\040\000\040\127\372\147\054\162\151\164\006}{part.1}% 21
\BOOKMARK [1][-]{section.2.1}{\376\377\0002\000.\0001\000\040\137\025\212\000}{chapter.2}% 22
\BOOKMARK [1][-]{section.2.2}{\376\377\0002\000.\0002\000\040\0001\0009\0002\0000\136\164\116\345\122\115\166\204\162\151\164\006\133\146}{chapter.2}% 23
\BOOKMARK [1][-]{section.2.3}{\376\377\0002\000.\0003\000\040\221\317\133\120\162\151\164\006\133\146}{chapter.2}% 24
\BOOKMARK [1][-]{section.2.4}{\376\377\0002\000.\0004\000\040\123\237\133\120\150\070\116\016\174\222\133\120}{chapter.2}% 25
\BOOKMARK [0][-]{chapter.3}{\376\377\173\054\116\011\172\340\000\040\000\040\162\151\164\006\133\146\116\016\121\166\116\326\171\321\133\146\166\204\121\163\174\373}{part.1}% 26
\BOOKMARK [1][-]{section.3.1}{\376\377\0003\000.\0001\000\040\137\025\212\000}{chapter.3}% 27
\BOOKMARK [1][-]{section.3.2}{\376\377\0003\000.\0002\000\040\123\026\133\146}{chapter.3}% 28
\BOOKMARK [1][-]{section.3.3}{\376\377\0003\000.\0003\000\040\165\037\162\151\133\146}{chapter.3}% 29
\BOOKMARK [1][-]{section.3.4}{\376\377\0003\000.\0004\000\040\131\051\145\207\133\146}{chapter.3}% 30
\BOOKMARK [1][-]{section.3.5}{\376\377\0003\000.\0005\000\040\127\060\215\050\133\146}{chapter.3}% 31
\BOOKMARK [1][-]{section.3.6}{\376\377\0003\000.\0006\000\040\137\303\164\006\133\146}{chapter.3}% 32
\BOOKMARK [1][-]{section.3.7}{\376\377\0003\000.\0007\000\040\140\305\121\265\117\125\116\345\117\032\131\202\153\144}{chapter.3}% 33
\BOOKMARK [0][-]{chapter.4}{\376\377\173\054\126\333\172\340\000\040\000\040\200\375\221\317\133\210\140\122}{part.1}% 34
\BOOKMARK [1][-]{section.4.1}{\376\377\0004\000.\0001\000\040\116\300\116\110\146\057\200\375\221\317}{chapter.4}% 35
\BOOKMARK [1][-]{section.4.2}{\376\377\0004\000.\0002\000\040\221\315\122\233\122\277\200\375}{chapter.4}% 36
\BOOKMARK [1][-]{section.4.3}{\376\377\0004\000.\0003\000\040\122\250\200\375}{chapter.4}% 37
\BOOKMARK [1][-]{section.4.4}{\376\377\0004\000.\0004\000\040\200\375\221\317\166\204\121\166\116\326\137\142\137\017}{chapter.4}% 38
\BOOKMARK [0][-]{chapter.5}{\376\377\173\054\116\224\172\340\000\040\000\040\145\366\225\364\116\016\215\335\171\273}{part.1}% 39
\BOOKMARK [1][-]{section.5.1}{\376\377\0005\000.\0001\000\040\217\320\122\250}{chapter.5}% 40
\BOOKMARK [1][-]{section.5.2}{\376\377\0005\000.\0002\000\040\145\366\225\364}{chapter.5}% 41
\BOOKMARK [1][-]{section.5.3}{\376\377\0005\000.\0003\000\040\167\355\166\204\145\366\225\364}{chapter.5}% 42
\BOOKMARK [1][-]{section.5.4}{\376\377\0005\000.\0004\000\040\225\177\166\204\145\366\225\364}{chapter.5}% 43
\BOOKMARK [1][-]{section.5.5}{\376\377\0005\000.\0005\000\040\145\366\225\364\166\204\123\125\117\115\124\214\150\007\121\306}{chapter.5}% 44
\BOOKMARK [1][-]{section.5.6}{\376\377\0005\000.\0006\000\040\225\177\166\204\215\335\171\273}{chapter.5}% 45
\BOOKMARK [1][-]{section.5.7}{\376\377\0005\000.\0007\000\040\167\355\166\204\215\335\171\273}{chapter.5}% 46
\BOOKMARK [0][-]{chapter.6}{\376\377\173\054\121\155\172\340\000\040\000\040\151\202\163\207}{part.1}% 47
\BOOKMARK [1][-]{section.6.1}{\376\377\0006\000.\0001\000\040\147\072\117\032\124\214\123\357\200\375\140\047}{chapter.6}% 48
\BOOKMARK [1][-]{section.6.2}{\376\377\0006\000.\0002\000\040\215\167\117\017}{chapter.6}% 49
\BOOKMARK [1][-]{section.6.3}{\376\377\0006\000.\0003\000\040\145\340\211\304\210\114\215\160}{chapter.6}% 50
\BOOKMARK [1][-]{section.6.4}{\376\377\0006\000.\0004\000\040\151\202\163\207\122\006\136\003}{chapter.6}% 51
\BOOKMARK [1][-]{section.6.5}{\376\377\0006\000.\0005\000\040\155\113\116\015\121\306\123\237\164\006}{chapter.6}% 52
\BOOKMARK [0][-]{chapter.7}{\376\377\173\054\116\003\172\340\000\040\000\040\116\007\147\011\137\025\122\233\164\006\213\272}{part.1}% 53
\BOOKMARK [1][-]{section.7.1}{\376\377\0007\000.\0001\000\040\210\114\146\037\217\320\122\250}{chapter.7}% 54
\BOOKMARK [1][-]{section.7.2}{\376\377\0007\000.\0002\000\040\137\000\146\156\122\322\133\232\137\213}{chapter.7}% 55
\BOOKMARK [1][-]{section.7.3}{\376\377\0007\000.\0003\000\040\122\250\122\233\133\146\166\204\123\321\134\125}{chapter.7}% 56
\BOOKMARK [1][-]{section.7.4}{\376\377\0007\000.\0004\000\040\162\133\230\177\137\025\122\233\133\232\137\213}{chapter.7}% 57
\BOOKMARK [1][-]{section.7.5}{\376\377\0007\000.\0005\000\040\116\007\147\011\137\025\122\233}{chapter.7}% 58
\BOOKMARK [1][-]{section.7.6}{\376\377\0007\000.\0006\000\040\123\141\145\207\217\352\116\300\133\236\232\214}{chapter.7}% 59
\BOOKMARK [1][-]{section.7.7}{\376\377\0007\000.\0007\000\040\116\300\116\110\146\057\137\025\122\233}{chapter.7}% 60
\BOOKMARK [1][-]{section.7.8}{\376\377\0007\000.\0008\000\040\137\025\122\233\124\214\166\370\133\371\213\272}{chapter.7}% 61
\BOOKMARK [0][-]{chapter.8}{\376\377\173\054\121\153\172\340\000\040\000\040\217\320\122\250}{part.1}% 62
\BOOKMARK [1][-]{section.8.1}{\376\377\0008\000.\0001\000\040\217\320\122\250\166\204\143\317\217\360}{chapter.8}% 63
\BOOKMARK [1][-]{section.8.2}{\376\377\0008\000.\0002\000\040\220\037\163\207}{chapter.8}% 64
\BOOKMARK [1][-]{section.8.3}{\376\377\0008\000.\0003\000\040\220\037\163\207\117\134\116\072\133\374\145\160}{chapter.8}% 65
\BOOKMARK [1][-]{section.8.4}{\376\377\0008\000.\0004\000\040\215\335\171\273\117\134\116\072\171\357\122\006}{chapter.8}% 66
\BOOKMARK [1][-]{section.8.5}{\376\377\0008\000.\0005\000\040\122\240\220\037\136\246}{chapter.8}% 67
\BOOKMARK [0][-]{chapter.9}{\376\377\173\054\116\135\172\340\000\040\000\040\162\133\230\177\166\204\122\250\122\233\133\146\133\232\137\213}{part.1}% 68
\BOOKMARK [1][-]{section.9.1}{\376\377\0009\000.\0001\000\040\122\250\221\317\124\214\122\233}{chapter.9}% 69
\BOOKMARK [1][-]{section.9.2}{\376\377\0009\000.\0002\000\040\220\037\163\207}{chapter.9}% 70
\BOOKMARK [1][-]{section.9.3}{\376\377\0009\000.\0003\000\040\220\037\136\246\060\001\122\240\220\037\136\246\116\345\123\312\122\233\166\204\122\006\221\317}{chapter.9}% 71
\BOOKMARK [1][-]{section.9.4}{\376\377\0009\000.\0004\000\040\116\300\116\110\146\057\122\233}{chapter.9}% 72
\BOOKMARK [1][-]{section.9.5}{\376\377\0009\000.\0005\000\040\122\250\122\233\133\146\145\271\172\013\166\204\124\053\116\111}{chapter.9}% 73
\BOOKMARK [1][-]{section.9.6}{\376\377\0009\000.\0006\000\040\145\271\172\013\166\204\145\160\120\074\211\343}{chapter.9}% 74
\BOOKMARK [1][-]{section.9.7}{\376\377\0009\000.\0007\000\040\210\114\146\037\217\320\122\250}{chapter.9}% 75
\BOOKMARK [0][-]{chapter.10}{\376\377\173\054\123\101\172\340\000\040\000\040\122\250\221\317\133\210\140\122}{part.1}% 76
\BOOKMARK [1][-]{section.10.1}{\376\377\0001\0000\000.\0001\000\040\162\133\230\177\173\054\116\011\133\232\137\213}{chapter.10}% 77
\BOOKMARK [1][-]{section.10.2}{\376\377\0001\0000\000.\0002\000\040\122\250\221\317\133\210\140\122}{chapter.10}% 78
\BOOKMARK [1][-]{section.10.3}{\376\377\0001\0000\000.\0003\000\040\122\250\221\317\146\057\133\210\140\122\166\204}{chapter.10}% 79
\BOOKMARK [1][-]{section.10.4}{\376\377\0001\0000\000.\0004\000\040\122\250\221\317\124\214\200\375\221\317}{chapter.10}% 80
\BOOKMARK [1][-]{section.10.5}{\376\377\0001\0000\000.\0005\000\040\166\370\133\371\213\272\140\047\122\250\221\317}{chapter.10}% 81
\BOOKMARK [0][-]{chapter.11}{\376\377\173\054\123\101\116\000\172\340\000\040\000\040\167\342\221\317}{part.1}% 82
\BOOKMARK [1][-]{section.11.1}{\376\377\0001\0001\000.\0001\000\040\162\151\164\006\133\146\116\055\166\204\133\371\171\360\140\047}{chapter.11}% 83
\BOOKMARK [1][-]{section.11.2}{\376\377\0001\0001\000.\0002\000\040\136\163\171\373}{chapter.11}% 84
\BOOKMARK [1][-]{section.11.3}{\376\377\0001\0001\000.\0003\000\040\217\154\122\250}{chapter.11}% 85
\BOOKMARK [1][-]{section.11.4}{\376\377\0001\0001\000.\0004\000\040\167\342\221\317}{chapter.11}% 86
\BOOKMARK [1][-]{section.11.5}{\376\377\0001\0001\000.\0005\000\040\167\342\221\317\116\343\145\160}{chapter.11}% 87
\BOOKMARK [1][-]{section.11.6}{\376\377\0001\0001\000.\0006\000\040\162\133\230\177\133\232\137\213\166\204\167\342\221\317\210\150\171\072\154\325}{chapter.11}% 88
\BOOKMARK [1][-]{section.11.7}{\376\377\0001\0001\000.\0007\000\040\167\342\221\317\166\204\150\007\171\357}{chapter.11}% 89
\BOOKMARK [0][-]{chapter.12}{\376\377\173\054\123\101\116\214\172\340\000\040\000\040\122\233\166\204\162\171\140\047}{part.1}% 90
\BOOKMARK [1][-]{section.12.1}{\376\377\0001\0002\000.\0001\000\040\116\300\116\110\146\057\122\233}{chapter.12}% 91
\BOOKMARK [1][-]{section.12.2}{\376\377\0001\0002\000.\0002\000\040\144\151\144\346\122\233}{chapter.12}% 92
\BOOKMARK [1][-]{section.12.3}{\376\377\0001\0002\000.\0003\000\040\122\006\133\120\122\233}{chapter.12}% 93
\BOOKMARK [1][-]{section.12.4}{\376\377\0001\0002\000.\0004\000\040\127\372\147\054\122\233\060\001\127\072}{chapter.12}% 94
\BOOKMARK [1][-]{section.12.5}{\376\377\0001\0002\000.\0005\000\040\215\135\122\233}{chapter.12}% 95
\BOOKMARK [1][-]{section.12.6}{\376\377\0001\0002\000.\0006\000\040\150\070\122\233}{chapter.12}% 96
\BOOKMARK [0][-]{chapter.13}{\376\377\173\054\123\101\116\011\172\340\000\040\000\040\122\237\116\016\122\277\200\375\377\010\116\012\377\011}{part.1}% 97
\BOOKMARK [1][-]{section.13.1}{\376\377\0001\0003\000.\0001\000\040\204\075\117\123\166\204\200\375\221\317}{chapter.13}% 98
\BOOKMARK [1][-]{section.13.2}{\376\377\0001\0003\000.\0002\000\040\116\007\147\011\137\025\122\233\142\100\120\132\166\204\122\237}{chapter.13}% 99
\BOOKMARK [1][-]{section.13.3}{\376\377\0001\0003\000.\0003\000\040\200\375\221\317\166\204\154\102\124\214}{chapter.13}% 100
\BOOKMARK [1][-]{section.13.4}{\376\377\0001\0003\000.\0004\000\040\135\350\131\047\162\151\117\123\166\204\137\025\122\233\127\072}{chapter.13}% 101
\BOOKMARK [0][-]{chapter.14}{\376\377\173\054\123\101\126\333\172\340\000\040\000\040\122\237\116\016\122\277\200\375\377\010\116\013\377\011}{part.1}% 102
\BOOKMARK [1][-]{section.14.1}{\376\377\0001\0004\000.\0001\000\040\122\237}{chapter.14}% 103
\BOOKMARK [1][-]{section.14.2}{\376\377\0001\0004\000.\0002\000\040\176\246\147\137\217\320\122\250}{chapter.14}% 104
\BOOKMARK [1][-]{section.14.3}{\376\377\0001\0004\000.\0003\000\040\117\335\133\210\122\233}{chapter.14}% 105
\BOOKMARK [1][-]{section.14.4}{\376\377\0001\0004\000.\0004\000\040\227\136\117\335\133\210\122\233}{chapter.14}% 106
\BOOKMARK [1][-]{section.14.5}{\376\377\0001\0004\000.\0005\000\040\122\277\116\016\127\072}{chapter.14}% 107
\BOOKMARK [0][-]{chapter.15}{\376\377\173\054\123\101\116\224\172\340\000\040\000\040\162\355\116\111\166\370\133\371\213\272}{part.1}% 108
\BOOKMARK [1][-]{section.15.1}{\376\377\0001\0005\000.\0001\000\040\166\370\133\371\140\047\123\237\164\006}{chapter.15}% 109
\BOOKMARK [1][-]{section.15.2}{\376\377\0001\0005\000.\0002\000\040\155\033\117\046\121\171\123\330\143\142}{chapter.15}% 110
\BOOKMARK [1][-]{section.15.3}{\376\377\0001\0005\000.\0003\000\040\217\310\121\113\200\063\220\012\000-\203\253\226\367\133\236\232\214}{chapter.15}% 111
\BOOKMARK [1][-]{section.15.4}{\376\377\0001\0005\000.\0004\000\040\145\366\225\364\166\204\123\330\143\142}{chapter.15}% 112
\BOOKMARK [1][-]{section.15.5}{\376\377\0001\0005\000.\0005\000\040\155\033\117\046\121\171\145\066\177\051}{chapter.15}% 113
\BOOKMARK [1][-]{section.15.6}{\376\377\0001\0005\000.\0006\000\040\124\014\145\366\140\047}{chapter.15}% 114
\BOOKMARK [1][-]{section.15.7}{\376\377\0001\0005\000.\0007\000\040\126\333\176\364\167\342\221\317}{chapter.15}% 115
\BOOKMARK [1][-]{section.15.8}{\376\377\0001\0005\000.\0008\000\040\166\370\133\371\213\272\122\233\133\146}{chapter.15}% 116
\BOOKMARK [1][-]{section.15.9}{\376\377\0001\0005\000.\0009\000\040\215\050\200\375\166\370\137\123\140\047}{chapter.15}% 117
\BOOKMARK [0][-]{chapter.16}{\376\377\173\054\123\101\121\155\172\340\000\040\000\040\166\370\133\371\213\272\116\055\166\204\200\375\221\317\116\016\122\250\221\317}{part.1}% 118
\BOOKMARK [1][-]{section.16.1}{\376\377\0001\0006\000.\0001\000\040\166\370\133\371\213\272\116\016\124\362\133\146\133\266}{chapter.16}% 119
\BOOKMARK [1][-]{section.16.2}{\376\377\0001\0006\000.\0002\000\040\133\152\165\037\133\120\117\157\214\054}{chapter.16}% 120
\BOOKMARK [1][-]{section.16.3}{\376\377\0001\0006\000.\0003\000\040\220\037\136\246\166\204\123\330\143\142}{chapter.16}% 121
\BOOKMARK [1][-]{section.16.4}{\376\377\0001\0006\000.\0004\000\040\166\370\133\371\213\272\140\047\215\050\221\317}{chapter.16}% 122
\BOOKMARK [1][-]{section.16.5}{\376\377\0001\0006\000.\0005\000\040\166\370\133\371\213\272\140\047\200\375\221\317}{chapter.16}% 123
\BOOKMARK [0][-]{chapter.17}{\376\377\173\054\123\101\116\003\172\340\000\040\000\040\145\366\172\172}{part.1}% 124
\BOOKMARK [1][-]{section.17.1}{\376\377\0001\0007\000.\0001\000\040\145\366\172\172\121\340\117\125\133\146}{chapter.17}% 125
\BOOKMARK [1][-]{section.17.2}{\376\377\0001\0007\000.\0002\000\040\145\366\172\172\225\364\226\224}{chapter.17}% 126
\BOOKMARK [1][-]{section.17.3}{\376\377\0001\0007\000.\0003\000\040\217\307\123\273\377\014\163\260\127\050\124\214\134\006\147\145}{chapter.17}% 127
\BOOKMARK [1][-]{section.17.4}{\376\377\0001\0007\000.\0004\000\040\140\035\176\364\167\342\221\317\166\204\217\333\116\000\153\145\213\250\213\272}{chapter.17}% 128
\BOOKMARK [1][-]{section.17.5}{\376\377\0001\0007\000.\0005\000\040\126\333\176\364\167\342\221\317\116\343\145\160}{chapter.17}% 129
\BOOKMARK [0][-]{chapter.18}{\376\377\173\054\123\101\121\153\172\340\000\040\000\040\116\214\176\364\172\172\225\364\116\055\166\204\217\154\122\250}{part.1}% 130
\BOOKMARK [1][-]{section.18.1}{\376\377\0001\0008\000.\0001\000\040\215\050\137\303}{chapter.18}% 131
\BOOKMARK [1][-]{section.18.2}{\376\377\0001\0008\000.\0002\000\040\122\032\117\123\166\204\217\154\122\250}{chapter.18}% 132
\BOOKMARK [1][-]{section.18.3}{\376\377\0001\0008\000.\0003\000\040\211\322\122\250\221\317}{chapter.18}% 133
\BOOKMARK [1][-]{section.18.4}{\376\377\0001\0008\000.\0004\000\040\211\322\122\250\221\317\133\210\140\122}{chapter.18}% 134
\BOOKMARK [0][-]{chapter.19}{\376\377\173\054\123\101\116\135\172\340\000\040\000\040\215\050\137\303\060\001\217\154\122\250\140\357\221\317}{part.1}% 135
\BOOKMARK [1][-]{section.19.1}{\376\377\0001\0009\000.\0001\000\040\215\050\137\303\166\204\140\047\215\050}{chapter.19}% 136
\BOOKMARK [1][-]{section.19.2}{\376\377\0001\0009\000.\0002\000\040\215\050\137\303\117\115\177\156\166\204\170\156\133\232}{chapter.19}% 137
\BOOKMARK [1][-]{section.19.3}{\376\377\0001\0009\000.\0003\000\040\217\154\122\250\140\357\221\317\166\204\154\102\154\325}{chapter.19}% 138
\BOOKMARK [1][-]{section.19.4}{\376\377\0001\0009\000.\0004\000\040\217\154\122\250\122\250\200\375}{chapter.19}% 139
\BOOKMARK [0][-]{chapter.20}{\376\377\173\054\116\214\123\101\172\340\000\040\000\040\172\172\225\364\217\154\122\250}{part.1}% 140
\BOOKMARK [1][-]{section.20.1}{\376\377\0002\0000\000.\0001\000\040\116\011\176\364\172\172\225\364\116\055\166\204\217\154\167\351}{chapter.20}% 141
\BOOKMARK [1][-]{section.20.2}{\376\377\0002\0000\000.\0002\000\040\165\050\123\311\171\357\210\150\171\072\166\204\217\154\122\250\145\271\172\013\137\017}{chapter.20}% 142
\BOOKMARK [1][-]{section.20.3}{\376\377\0002\0000\000.\0003\000\040\126\336\217\154\116\352}{chapter.20}% 143
\BOOKMARK [1][-]{section.20.4}{\376\377\0002\0000\000.\0004\000\040\126\372\117\123\166\204\211\322\122\250\221\317}{chapter.20}% 144
\BOOKMARK [0][-]{chapter.21}{\376\377\173\054\116\214\123\101\116\000\172\340\000\040\000\040\214\020\143\057\133\120}{part.1}% 145
\BOOKMARK [1][-]{section.21.1}{\376\377\0002\0001\000.\0001\000\040\176\277\140\047\137\256\122\006\145\271\172\013}{chapter.21}% 146
\BOOKMARK [1][-]{section.21.2}{\376\377\0002\0001\000.\0002\000\040\214\020\143\057\133\120}{chapter.21}% 147
\BOOKMARK [1][-]{section.21.3}{\376\377\0002\0001\000.\0003\000\040\173\200\214\020\217\320\122\250\124\214\127\006\124\150\217\320\122\250}{chapter.21}% 148
\BOOKMARK [1][-]{section.21.4}{\376\377\0002\0001\000.\0004\000\040\122\035\131\313\147\141\116\366}{chapter.21}% 149
\BOOKMARK [1][-]{section.21.5}{\376\377\0002\0001\000.\0005\000\040\123\327\217\353\143\057\122\250}{chapter.21}% 150
\BOOKMARK [0][-]{chapter.22}{\376\377\173\054\116\214\123\101\116\214\172\340\000\040\000\040\116\343\145\160\133\146}{part.1}% 151
\BOOKMARK [1][-]{section.22.1}{\376\377\0002\0002\000.\0001\000\040\122\240\154\325\124\214\116\130\154\325}{chapter.22}% 152
\BOOKMARK [1][-]{section.22.2}{\376\377\0002\0002\000.\0002\000\040\220\006\217\320\173\227}{chapter.22}% 153
\BOOKMARK [1][-]{section.22.3}{\376\377\0002\0002\000.\0003\000\040\142\275\214\141\124\214\143\250\136\177}{chapter.22}% 154
\BOOKMARK [1][-]{section.22.4}{\376\377\0002\0002\000.\0004\000\040\145\340\164\006\145\160\166\204\217\321\117\074\213\241\173\227}{chapter.22}% 155
\BOOKMARK [1][-]{section.22.5}{\376\377\0002\0002\000.\0005\000\040\131\015\145\160}{chapter.22}% 156
\BOOKMARK [1][-]{section.22.6}{\376\377\0002\0002\000.\0006\000\040\206\132\143\007\145\160}{chapter.22}% 157
\BOOKMARK [0][-]{chapter.23}{\376\377\173\054\116\214\123\101\116\011\172\340\000\040\000\040\121\161\143\057}{part.1}% 158
\BOOKMARK [1][-]{section.23.1}{\376\377\0002\0003\000.\0001\000\040\131\015\145\160\124\214\173\200\214\020\217\320\122\250}{chapter.23}% 159
\BOOKMARK [1][-]{section.23.2}{\376\377\0002\0003\000.\0002\000\040\147\011\226\073\134\074\166\204\123\327\217\353\143\057\133\120}{chapter.23}% 160
\BOOKMARK [1][-]{section.23.3}{\376\377\0002\0003\000.\0003\000\040\165\065\121\161\143\057}{chapter.23}% 161
\BOOKMARK [1][-]{section.23.4}{\376\377\0002\0003\000.\0004\000\040\201\352\161\066\165\114\116\055\166\204\121\161\143\057\163\260\214\141}{chapter.23}% 162
\BOOKMARK [0][-]{chapter.24}{\376\377\173\054\116\214\123\101\126\333\172\340\000\040\000\040\167\254\123\330\140\001}{part.1}% 163
\BOOKMARK [1][-]{section.24.1}{\376\377\0002\0004\000.\0001\000\040\143\057\133\120\166\204\200\375\221\317}{chapter.24}% 164
\BOOKMARK [1][-]{section.24.2}{\376\377\0002\0004\000.\0002\000\040\226\073\134\074\143\057\122\250}{chapter.24}% 165
\BOOKMARK [1][-]{section.24.3}{\376\377\0002\0004\000.\0003\000\040\165\065\167\254\123\330\140\001}{chapter.24}% 166
\BOOKMARK [0][-]{chapter.25}{\376\377\173\054\116\214\123\101\116\224\172\340\000\040\000\040\176\277\140\047\174\373\176\337\123\312\121\166\176\374\217\360}{part.1}% 167
\BOOKMARK [1][-]{section.25.1}{\376\377\0002\0005\000.\0001\000\040\176\277\140\047\137\256\122\006\145\271\172\013}{chapter.25}% 168
\BOOKMARK [1][-]{section.25.2}{\376\377\0002\0005\000.\0002\000\040\211\343\166\204\123\340\122\240}{chapter.25}% 169
\BOOKMARK [1][-]{section.25.3}{\376\377\0002\0005\000.\0003\000\040\176\277\140\047\174\373\176\337\116\055\166\204\143\057\122\250}{chapter.25}% 170
\BOOKMARK [1][-]{section.25.4}{\376\377\0002\0005\000.\0004\000\040\162\151\164\006\133\146\116\055\166\204\174\173\153\324}{chapter.25}% 171
\BOOKMARK [1][-]{section.25.5}{\376\377\0002\0005\000.\0005\000\040\116\062\200\124\124\214\136\166\200\124\226\073\142\227}{chapter.25}% 172
\BOOKMARK [0][-]{chapter.26}{\376\377\173\054\116\214\123\101\121\155\172\340\000\040\000\040\121\111\133\146\377\032\147\000\167\355\145\366\225\364\123\237\164\006}{part.1}% 173
\BOOKMARK [1][-]{section.26.1}{\376\377\0002\0006\000.\0001\000\040\121\111}{chapter.26}% 174
\BOOKMARK [1][-]{section.26.2}{\376\377\0002\0006\000.\0002\000\040\123\315\134\004\116\016\142\230\134\004}{chapter.26}% 175
\BOOKMARK [1][-]{section.26.3}{\376\377\0002\0006\000.\0003\000\040\215\071\232\154\147\000\167\355\145\366\225\364\123\237\164\006}{chapter.26}% 176
\BOOKMARK [1][-]{section.26.4}{\376\377\0002\0006\000.\0004\000\040\215\071\232\154\123\237\164\006\166\204\136\224\165\050}{chapter.26}% 177
\BOOKMARK [1][-]{section.26.5}{\376\377\0002\0006\000.\0005\000\040\215\071\232\154\123\237\164\006\166\204\146\364\174\276\170\156\210\150\217\360}{chapter.26}% 178
\BOOKMARK [1][-]{section.26.6}{\376\377\0002\0006\000.\0006\000\040\147\000\167\355\145\366\225\364\123\237\164\006\146\057\140\016\150\067\215\167\117\134\165\050\166\204}{chapter.26}% 179
\BOOKMARK [0][-]{chapter.27}{\376\377\173\054\116\214\123\101\116\003\172\340\000\040\000\040\121\340\117\125\121\111\133\146}{part.1}% 180
\BOOKMARK [1][-]{section.27.1}{\376\377\0002\0007\000.\0001\000\040\137\025\212\000}{chapter.27}% 181
\BOOKMARK [1][-]{section.27.2}{\376\377\0002\0007\000.\0002\000\040\164\003\227\142\166\204\161\046\215\335}{chapter.27}% 182
\BOOKMARK [1][-]{section.27.3}{\376\377\0002\0007\000.\0003\000\040\220\017\225\134\166\204\161\046\215\335}{chapter.27}% 183
\BOOKMARK [1][-]{section.27.4}{\376\377\0002\0007\000.\0004\000\040\145\076\131\047\163\207}{chapter.27}% 184
\BOOKMARK [1][-]{section.27.5}{\376\377\0002\0007\000.\0005\000\040\220\017\225\134\176\304}{chapter.27}% 185
\BOOKMARK [1][-]{section.27.6}{\376\377\0002\0007\000.\0006\000\040\120\317\135\356}{chapter.27}% 186
\BOOKMARK [1][-]{section.27.7}{\376\377\0002\0007\000.\0007\000\040\122\006\217\250\147\054\230\206}{chapter.27}% 187
\BOOKMARK [0][-]{chapter.28}{\376\377\173\054\116\214\123\101\121\153\172\340\000\040\000\040\165\065\170\301\217\220\134\004}{part.1}% 188
\BOOKMARK [1][-]{section.28.1}{\376\377\0002\0008\000.\0001\000\040\165\065\170\301\133\146}{chapter.28}% 189
\BOOKMARK [1][-]{section.28.2}{\376\377\0002\0008\000.\0002\000\040\217\220\134\004}{chapter.28}% 190
\BOOKMARK [1][-]{section.28.3}{\376\377\0002\0008\000.\0003\000\040\120\166\147\201\217\220\134\004\133\120}{chapter.28}% 191
\BOOKMARK [1][-]{section.28.4}{\376\377\0002\0008\000.\0004\000\040\136\162\155\211}{chapter.28}% 192
\BOOKMARK [0][-]{chapter.29}{\376\377\173\054\116\214\123\101\116\135\172\340\000\040\000\040\136\162\155\211}{part.1}% 193
\BOOKMARK [1][-]{section.29.1}{\376\377\0002\0009\000.\0001\000\040\165\065\170\301\154\342}{chapter.29}% 194
\BOOKMARK [1][-]{section.29.2}{\376\377\0002\0009\000.\0002\000\040\217\220\134\004\166\204\200\375\221\317}{chapter.29}% 195
\BOOKMARK [1][-]{section.29.3}{\376\377\0002\0009\000.\0003\000\040\153\143\137\046\154\342}{chapter.29}% 196
\BOOKMARK [1][-]{section.29.4}{\376\377\0002\0009\000.\0004\000\040\116\044\116\052\120\166\147\201\217\220\134\004\133\120}{chapter.29}% 197
\BOOKMARK [1][-]{section.29.5}{\376\377\0002\0009\000.\0005\000\040\136\162\155\211\166\204\145\160\133\146}{chapter.29}% 198
\BOOKMARK [0][-]{chapter.30}{\376\377\173\054\116\011\123\101\172\340\000\040\000\040\210\115\134\004}{part.1}% 199
\BOOKMARK [1][-]{section.30.1}{\376\377\0003\0000\000.\0001\000\040\000n\116\052\166\370\124\014\143\057\133\120\166\204\124\010\143\057\136\105}{chapter.30}% 200
\BOOKMARK [1][-]{section.30.2}{\376\377\0003\0000\000.\0002\000\040\210\115\134\004\121\111\150\005}{chapter.30}% 201
\BOOKMARK [1][-]{section.30.3}{\376\377\0003\0000\000.\0003\000\040\121\111\150\005\166\204\122\006\217\250\147\054\230\206}{chapter.30}% 202
\BOOKMARK [1][-]{section.30.4}{\376\377\0003\0000\000.\0004\000\040\142\233\162\151\137\142\131\051\176\277}{chapter.30}% 203
\BOOKMARK [1][-]{section.30.5}{\376\377\0003\0000\000.\0005\000\040\137\151\202\162\205\204\201\234\060\001\146\166\117\123}{chapter.30}% 204
\BOOKMARK [1][-]{section.30.6}{\376\377\0003\0000\000.\0006\000\040\116\015\220\017\146\016\134\117\166\204\210\115\134\004}{chapter.30}% 205
\BOOKMARK [1][-]{section.30.7}{\376\377\0003\0000\000.\0007\000\040\143\057\203\141\165\065\203\167\176\304\142\020\166\204\136\163\227\142\142\100\116\247\165\037\166\204\127\072}{chapter.30}% 206
\BOOKMARK [0][-]{chapter.31}{\376\377\173\054\116\011\123\101\116\000\172\340\000\040\000\040\142\230\134\004\163\207\166\204\215\167\156\220}{part.1}% 207
\BOOKMARK [1][-]{section.31.1}{\376\377\0003\0001\000.\0001\000\040\142\230\134\004\163\207}{chapter.31}% 208
\BOOKMARK [1][-]{section.31.2}{\376\377\0003\0001\000.\0002\000\040\162\151\215\050\137\025\215\167\166\204\127\072}{chapter.31}% 209
\BOOKMARK [1][-]{section.31.3}{\376\377\0003\0001\000.\0003\000\040\202\162\145\143}{chapter.31}% 210
\BOOKMARK [1][-]{section.31.4}{\376\377\0003\0001\000.\0004\000\040\124\070\145\066}{chapter.31}% 211
\BOOKMARK [1][-]{section.31.5}{\376\377\0003\0001\000.\0005\000\040\165\065\154\342\142\100\144\072\136\046\166\204\200\375\221\317}{chapter.31}% 212
\BOOKMARK [1][-]{section.31.6}{\376\377\0003\0001\000.\0006\000\040\134\117\166\204\210\115\134\004}{chapter.31}% 213
\BOOKMARK [0][-]{chapter.32}{\376\377\173\054\116\011\123\101\116\214\172\340\000\040\000\040\217\220\134\004\226\073\134\074\060\001\121\111\166\204\145\143\134\004}{part.1}% 214
\BOOKMARK [1][-]{section.32.1}{\376\377\0003\0002\000.\0001\000\040\217\220\134\004\165\065\226\073}{chapter.32}% 215
\BOOKMARK [1][-]{section.32.2}{\376\377\0003\0002\000.\0002\000\040\200\375\221\317\217\220\134\004\163\207}{chapter.32}% 216
\BOOKMARK [1][-]{section.32.3}{\376\377\0003\0002\000.\0003\000\040\217\220\134\004\226\073\134\074}{chapter.32}% 217
\BOOKMARK [1][-]{section.32.4}{\376\377\0003\0002\000.\0004\000\040\162\354\172\313\166\204\217\220\134\004\156\220}{chapter.32}% 218
\BOOKMARK [1][-]{section.32.5}{\376\377\0003\0002\000.\0005\000\040\121\111\166\204\145\143\134\004}{chapter.32}% 219
\BOOKMARK [0][-]{chapter.33}{\376\377\173\054\116\011\123\101\116\011\172\340\000\040\000\040\120\117\143\057}{part.1}% 220
\BOOKMARK [1][-]{section.33.1}{\376\377\0003\0003\000.\0001\000\040\121\111\166\204\165\065\167\342\221\317}{chapter.33}% 221
\BOOKMARK [1][-]{section.33.2}{\376\377\0003\0003\000.\0002\000\040\145\143\134\004\121\111\166\204\120\117\143\057\140\047}{chapter.33}% 222
\BOOKMARK [1][-]{section.33.3}{\376\377\0003\0003\000.\0003\000\040\123\314\142\230\134\004}{chapter.33}% 223
\BOOKMARK [1][-]{section.33.4}{\376\377\0003\0003\000.\0004\000\040\215\167\120\117\143\057\126\150}{chapter.33}% 224
\BOOKMARK [1][-]{section.33.5}{\376\377\0003\0003\000.\0005\000\040\145\313\121\111\140\047}{chapter.33}% 225
\BOOKMARK [1][-]{section.33.6}{\376\377\0003\0003\000.\0006\000\040\123\315\134\004\121\111\166\204\137\072\136\246}{chapter.33}% 226
\BOOKMARK [1][-]{section.33.7}{\376\377\0003\0003\000.\0007\000\040\123\315\136\070\142\230\134\004}{chapter.33}% 227
\BOOKMARK [0][-]{chapter.34}{\376\377\173\054\116\011\123\101\126\333\172\340\000\040\000\040\217\220\134\004\116\055\166\204\166\370\133\371\213\272\140\047\145\110\136\224}{part.1}% 228
\BOOKMARK [1][-]{section.34.1}{\376\377\0003\0004\000.\0001\000\040\217\320\122\250\217\220\134\004\156\220}{chapter.34}% 229
\BOOKMARK [1][-]{section.34.2}{\376\377\0003\0004\000.\0002\000\040\154\102\040\034\210\150\211\302\040\035\217\320\122\250}{chapter.34}% 230
\BOOKMARK [1][-]{section.34.3}{\376\377\0003\0004\000.\0003\000\040\124\014\153\145\217\220\134\004}{chapter.34}% 231
\BOOKMARK [1][-]{section.34.4}{\376\377\0003\0004\000.\0004\000\040\133\207\133\231\116\055\166\204\124\014\153\145\217\220\134\004}{chapter.34}% 232
\BOOKMARK [1][-]{section.34.5}{\376\377\0003\0004\000.\0005\000\040\217\153\201\364\217\220\134\004}{chapter.34}% 233
\BOOKMARK [1][-]{section.34.6}{\376\377\0003\0004\000.\0006\000\040\131\032\146\156\122\322\145\110\136\224}{chapter.34}% 234
\BOOKMARK [1][-]{section.34.7}{\376\377\0003\0004\000.\0007\000\040\003\311\377\014\000k\126\333\121\103\167\342\221\317}{chapter.34}% 235
\BOOKMARK [1][-]{section.34.8}{\376\377\0003\0004\000.\0008\000\040\121\111\210\114\135\356}{chapter.34}% 236
\BOOKMARK [1][-]{section.34.9}{\376\377\0003\0004\000.\0009\000\040\121\111\166\204\122\250\221\317}{chapter.34}% 237
\BOOKMARK [0][-]{chapter.35}{\376\377\173\054\116\011\123\101\116\224\172\340\000\040\000\040\202\162\211\306\211\311}{part.1}% 238
\BOOKMARK [1][-]{section.35.1}{\376\377\0003\0005\000.\0001\000\040\116\272\167\074}{chapter.35}% 239
\BOOKMARK [1][-]{section.35.2}{\376\377\0003\0005\000.\0002\000\040\230\234\202\162\117\235\215\126\116\216\121\111\166\204\137\072\136\246}{chapter.35}% 240
\BOOKMARK [1][-]{section.35.3}{\376\377\0003\0005\000.\0003\000\040\202\162\141\037\211\311\166\204\155\113\221\317}{chapter.35}% 241
\BOOKMARK [1][-]{section.35.4}{\376\377\0003\0005\000.\0004\000\040\202\162\124\301\126\376}{chapter.35}% 242
\BOOKMARK [1][-]{section.35.5}{\376\377\0003\0005\000.\0005\000\040\202\162\211\306\211\311\166\204\147\072\122\066}{chapter.35}% 243
\BOOKMARK [1][-]{section.35.6}{\376\377\0003\0005\000.\0006\000\040\202\162\211\306\211\311\166\204\165\037\164\006\123\026\133\146}{chapter.35}% 244
\BOOKMARK [0][-]{chapter.36}{\376\377\173\054\116\011\123\101\121\155\172\340\000\040\000\040\211\306\211\311\166\204\147\072\122\066}{part.1}% 245
\BOOKMARK [1][-]{section.36.1}{\376\377\0003\0006\000.\0001\000\040\230\234\202\162\166\204\141\037\211\311}{chapter.36}% 246
\BOOKMARK [1][-]{section.36.2}{\376\377\0003\0006\000.\0002\000\040\167\074\167\133\166\204\165\037\164\006\133\146}{chapter.36}% 247
\BOOKMARK [1][-]{section.36.3}{\376\377\0003\0006\000.\0003\000\040\211\306\147\106\176\306\200\336}{chapter.36}% 248
\BOOKMARK [1][-]{section.36.4}{\376\377\0003\0006\000.\0004\000\040\377\010\146\006\206\153\166\204\377\011\131\015\167\074}{chapter.36}% 249
\BOOKMARK [1][-]{section.36.5}{\376\377\0003\0006\000.\0005\000\040\121\166\116\326\166\204\167\074\167\133}{chapter.36}% 250
\BOOKMARK [1][-]{section.36.6}{\376\377\0003\0006\000.\0006\000\040\211\306\211\311\166\204\171\136\176\317\133\146}{chapter.36}% 251
\BOOKMARK [0][-]{chapter.37}{\376\377\173\054\116\011\123\101\116\003\172\340\000\040\000\040\221\317\133\120\210\114\116\072}{part.1}% 252
\BOOKMARK [1][-]{section.37.1}{\376\377\0003\0007\000.\0001\000\040\123\237\133\120\122\233\133\146}{chapter.37}% 253
\BOOKMARK [1][-]{section.37.2}{\376\377\0003\0007\000.\0002\000\040\133\120\137\071\133\236\232\214}{chapter.37}% 254
\BOOKMARK [1][-]{section.37.3}{\376\377\0003\0007\000.\0003\000\040\154\342\166\204\133\236\232\214}{chapter.37}% 255
\BOOKMARK [1][-]{section.37.4}{\376\377\0003\0007\000.\0004\000\040\165\065\133\120\166\204\133\236\232\214}{chapter.37}% 256
\BOOKMARK [1][-]{section.37.5}{\376\377\0003\0007\000.\0005\000\040\165\065\133\120\154\342\166\204\136\162\155\211}{chapter.37}% 257
\BOOKMARK [1][-]{section.37.6}{\376\377\0003\0007\000.\0006\000\040\217\375\216\052\165\065\133\120}{chapter.37}% 258
\BOOKMARK [1][-]{section.37.7}{\376\377\0003\0007\000.\0007\000\040\221\317\133\120\122\233\133\146\166\204\127\372\147\054\123\237\164\006}{chapter.37}% 259
\BOOKMARK [1][-]{section.37.8}{\376\377\0003\0007\000.\0008\000\040\116\015\170\156\133\232\140\047\123\237\164\006}{chapter.37}% 260
\BOOKMARK [0][-]{chapter.38}{\376\377\173\054\116\011\123\101\121\153\172\340\000\040\000\040\154\342\122\250\211\302\160\271\116\016\174\222\133\120\211\302\160\271\166\204\121\163\174\373}{part.1}% 261
\BOOKMARK [1][-]{section.38.1}{\376\377\0003\0008\000.\0001\000\040\151\202\163\207\154\342\136\105}{chapter.38}% 262
\BOOKMARK [1][-]{section.38.2}{\376\377\0003\0008\000.\0002\000\040\117\115\177\156\116\016\122\250\221\317\166\204\155\113\221\317}{chapter.38}% 263
\BOOKMARK [1][-]{section.38.3}{\376\377\0003\0008\000.\0003\000\040\146\166\117\123\210\115\134\004}{chapter.38}% 264
\BOOKMARK [1][-]{section.38.4}{\376\377\0003\0008\000.\0004\000\040\123\237\133\120\166\204\131\047\134\017}{chapter.38}% 265
\BOOKMARK [1][-]{section.38.5}{\376\377\0003\0008\000.\0005\000\040\200\375\176\247}{chapter.38}% 266
\BOOKMARK [1][-]{section.38.6}{\376\377\0003\0008\000.\0006\000\040\124\362\133\146\124\053\116\111}{chapter.38}% 267
\BOOKMARK [0][-]{chapter.39}{\376\377\173\054\116\011\123\101\116\135\172\340\000\040\000\040\154\024\117\123\122\006\133\120\122\250\164\006\213\272}{part.1}% 268
\BOOKMARK [1][-]{section.39.1}{\376\377\0003\0009\000.\0001\000\040\162\151\215\050\166\204\140\047\215\050}{chapter.39}% 269
\BOOKMARK [1][-]{section.39.2}{\376\377\0003\0009\000.\0002\000\040\154\024\117\123\166\204\123\213\137\072}{chapter.39}% 270
\BOOKMARK [1][-]{section.39.3}{\376\377\0003\0009\000.\0003\000\040\217\220\134\004\166\204\123\213\177\051\140\047}{chapter.39}% 271
\BOOKMARK [1][-]{section.39.4}{\376\377\0003\0009\000.\0004\000\040\156\051\136\246\124\214\122\250\200\375}{chapter.39}% 272
\BOOKMARK [1][-]{section.39.5}{\376\377\0003\0009\000.\0005\000\040\164\006\140\363\154\024\117\123\133\232\137\213}{chapter.39}% 273
\BOOKMARK [0][-]{chapter.40}{\376\377\173\054\126\333\123\101\172\340\000\040\000\040\176\337\213\241\122\233\133\146\123\237\164\006}{part.1}% 274
\BOOKMARK [1][-]{section.40.1}{\376\377\0004\0000\000.\0001\000\040\131\047\154\024\166\204\143\007\145\160\123\330\123\026\137\213}{chapter.40}% 275
\BOOKMARK [1][-]{section.40.2}{\376\377\0004\0000\000.\0002\000\040\163\273\134\024\121\171\146\374\133\232\137\213}{chapter.40}% 276
\BOOKMARK [1][-]{section.40.3}{\376\377\0004\0000\000.\0003\000\040\155\262\117\123\166\204\204\270\123\321}{chapter.40}% 277
\BOOKMARK [1][-]{section.40.4}{\376\377\0004\0000\000.\0004\000\040\122\006\133\120\166\204\220\037\163\207\122\006\136\003}{chapter.40}% 278
\BOOKMARK [1][-]{section.40.5}{\376\377\0004\0000\000.\0005\000\040\154\024\117\123\153\324\160\355}{chapter.40}% 279
\BOOKMARK [1][-]{section.40.6}{\376\377\0004\0000\000.\0006\000\040\176\317\121\170\162\151\164\006\166\204\131\061\215\045}{chapter.40}% 280
\BOOKMARK [0][-]{chapter.41}{\376\377\173\054\126\333\123\101\116\000\172\340\000\040\000\040\136\003\147\027\217\320\122\250}{part.1}% 281
\BOOKMARK [1][-]{section.41.1}{\376\377\0004\0001\000.\0001\000\040\200\375\221\317\127\107\122\006}{chapter.41}% 282
\BOOKMARK [1][-]{section.41.2}{\376\377\0004\0001\000.\0002\000\040\217\220\134\004\166\204\160\355\136\163\210\141}{chapter.41}% 283
\BOOKMARK [1][-]{section.41.3}{\376\377\0004\0001\000.\0003\000\040\200\375\221\317\127\107\122\006\116\016\221\317\133\120\143\057\133\120}{chapter.41}% 284
\BOOKMARK [1][-]{section.41.4}{\376\377\0004\0001\000.\0004\000\040\145\340\211\304\210\114\215\160}{chapter.41}% 285
\BOOKMARK [0][-]{chapter.42}{\376\377\173\054\126\333\123\101\116\214\172\340\000\040\000\040\122\006\133\120\122\250\164\006\213\272\166\204\136\224\165\050}{part.1}% 286
\BOOKMARK [1][-]{section.42.1}{\376\377\0004\0002\000.\0001\000\040\204\270\123\321}{chapter.42}% 287
\BOOKMARK [1][-]{section.42.2}{\376\377\0004\0002\000.\0002\000\040\160\355\171\273\133\120\123\321\134\004}{chapter.42}% 288
\BOOKMARK [1][-]{section.42.3}{\376\377\0004\0002\000.\0003\000\040\160\355\165\065\171\273}{chapter.42}% 289
\BOOKMARK [1][-]{section.42.4}{\376\377\0004\0002\000.\0004\000\040\123\026\133\146\122\250\122\233\133\146}{chapter.42}% 290
\BOOKMARK [1][-]{section.42.5}{\376\377\0004\0002\000.\0005\000\040\162\061\126\340\145\257\127\146\217\220\134\004\137\213}{chapter.42}% 291
\BOOKMARK [0][-]{chapter.43}{\376\377\173\054\126\333\123\101\116\011\172\340\000\040\000\040\142\151\145\143}{part.1}% 292
\BOOKMARK [1][-]{section.43.1}{\376\377\0004\0003\000.\0001\000\040\122\006\133\120\225\364\166\204\170\260\144\236}{chapter.43}% 293
\BOOKMARK [1][-]{section.43.2}{\376\377\0004\0003\000.\0002\000\040\136\163\127\107\201\352\165\061\172\013}{chapter.43}% 294
\BOOKMARK [1][-]{section.43.3}{\376\377\0004\0003\000.\0003\000\040\157\002\171\373\220\037\163\207}{chapter.43}% 295
\BOOKMARK [1][-]{section.43.4}{\376\377\0004\0003\000.\0004\000\040\171\273\133\120\165\065\133\374\163\207}{chapter.43}% 296
\BOOKMARK [1][-]{section.43.5}{\376\377\0004\0003\000.\0005\000\040\122\006\133\120\142\151\145\143}{chapter.43}% 297
\BOOKMARK [1][-]{section.43.6}{\376\377\0004\0003\000.\0006\000\040\160\355\133\374\163\207}{chapter.43}% 298
\BOOKMARK [0][-]{chapter.44}{\376\377\173\054\126\333\123\101\126\333\172\340\000\040\000\040\160\355\122\233\133\146\133\232\137\213}{part.1}% 299
\BOOKMARK [1][-]{section.44.1}{\376\377\0004\0004\000.\0001\000\040\160\355\147\072\060\001\173\054\116\000\133\232\137\213}{chapter.44}% 300
\BOOKMARK [1][-]{section.44.2}{\376\377\0004\0004\000.\0002\000\040\173\054\116\214\133\232\137\213}{chapter.44}% 301
\BOOKMARK [1][-]{section.44.3}{\376\377\0004\0004\000.\0003\000\040\123\357\220\006\147\072}{chapter.44}% 302
\BOOKMARK [1][-]{section.44.4}{\376\377\0004\0004\000.\0004\000\040\164\006\140\363\160\355\147\072\166\204\145\110\163\207}{chapter.44}% 303
\BOOKMARK [1][-]{section.44.5}{\376\377\0004\0004\000.\0005\000\040\160\355\122\233\133\146\156\051\136\246}{chapter.44}% 304
\BOOKMARK [1][-]{section.44.6}{\376\377\0004\0004\000.\0006\000\040\161\265}{chapter.44}% 305
\BOOKMARK [0][-]{chapter.45}{\376\377\173\054\126\333\123\101\116\224\172\340\000\040\000\040\160\355\122\233\133\146\171\072\117\213}{part.1}% 306
\BOOKMARK [1][-]{section.45.1}{\376\377\0004\0005\000.\0001\000\040\121\205\200\375}{chapter.45}% 307
\BOOKMARK [1][-]{section.45.2}{\376\377\0004\0005\000.\0002\000\040\136\224\165\050}{chapter.45}% 308
\BOOKMARK [1][-]{section.45.3}{\376\377\0004\0005\000.\0003\000\040\121\113\122\263\117\356\145\257\000-\121\113\142\311\163\300\237\231\145\271\172\013}{chapter.45}% 309
\BOOKMARK [0][-]{chapter.46}{\376\377\173\054\126\333\123\101\121\155\172\340\000\040\000\040\150\330\217\156\124\214\143\243\162\052}{part.1}% 310
\BOOKMARK [1][-]{section.46.1}{\376\377\0004\0006\000.\0001\000\040\150\330\217\156\146\057\140\016\150\067\135\345\117\134\166\204}{chapter.46}% 311
\BOOKMARK [1][-]{section.46.2}{\376\377\0004\0006\000.\0002\000\040\117\134\116\072\160\355\147\072\166\204\150\330\217\156}{chapter.46}% 312
\BOOKMARK [1][-]{section.46.3}{\376\377\0004\0006\000.\0003\000\040\122\233\133\146\116\055\166\204\123\357\220\006\140\047}{chapter.46}% 313
\BOOKMARK [1][-]{section.46.4}{\376\377\0004\0006\000.\0004\000\040\116\015\123\357\220\006\140\047}{chapter.46}% 314
\BOOKMARK [1][-]{section.46.5}{\376\377\0004\0006\000.\0005\000\040\136\217\116\016\161\265}{chapter.46}% 315
\BOOKMARK [0][-]{chapter.47}{\376\377\173\054\126\333\123\101\116\003\172\340\000\040\000\040\130\360\060\001\154\342\122\250\145\271\172\013}{part.1}% 316
\BOOKMARK [1][-]{section.47.1}{\376\377\0004\0007\000.\0001\000\040\154\342}{chapter.47}% 317
\BOOKMARK [1][-]{section.47.2}{\376\377\0004\0007\000.\0002\000\040\130\360\166\204\117\040\144\255}{chapter.47}% 318
\BOOKMARK [1][-]{section.47.3}{\376\377\0004\0007\000.\0003\000\040\154\342\122\250\145\271\172\013}{chapter.47}% 319
\BOOKMARK [1][-]{section.47.4}{\376\377\0004\0007\000.\0004\000\040\154\342\122\250\145\271\172\013\166\204\211\343}{chapter.47}% 320
\BOOKMARK [1][-]{section.47.5}{\376\377\0004\0007\000.\0005\000\040\130\360\220\037}{chapter.47}% 321
\BOOKMARK [0][-]{chapter.48}{\376\377\173\054\126\333\123\101\121\153\172\340\000\040\000\040\142\315}{part.1}% 322
\BOOKMARK [1][-]{section.48.1}{\376\377\0004\0008\000.\0001\000\040\116\044\122\027\154\342\166\204\166\370\122\240}{chapter.48}% 323
\BOOKMARK [1][-]{section.48.2}{\376\377\0004\0008\000.\0002\000\040\142\315\173\046\124\214\214\003\122\066}{chapter.48}% 324
\BOOKMARK [1][-]{section.48.3}{\376\377\0004\0008\000.\0003\000\040\145\301\230\221\136\046}{chapter.48}% 325
\BOOKMARK [1][-]{section.48.4}{\376\377\0004\0008\000.\0004\000\040\133\232\127\337\154\342\122\027}{chapter.48}% 326
\BOOKMARK [1][-]{section.48.5}{\376\377\0004\0008\000.\0005\000\040\174\222\133\120\166\204\151\202\163\207\136\105}{chapter.48}% 327
\BOOKMARK [1][-]{section.48.6}{\376\377\0004\0008\000.\0006\000\040\116\011\176\364\172\172\225\364\166\204\154\342}{chapter.48}% 328
\BOOKMARK [1][-]{section.48.7}{\376\377\0004\0008\000.\0007\000\040\173\200\153\143\152\041\137\017}{chapter.48}% 329
\BOOKMARK [0][-]{chapter.49}{\376\377\173\054\126\333\123\101\116\135\172\340\000\040\000\040\154\342\152\041}{part.1}% 330
\BOOKMARK [1][-]{section.49.1}{\376\377\0004\0009\000.\0001\000\040\154\342\166\204\123\315\134\004}{chapter.49}% 331
\BOOKMARK [1][-]{section.49.2}{\376\377\0004\0009\000.\0002\000\040\121\167\147\011\126\372\147\011\230\221\163\207\166\204\176\246\147\137\154\342}{chapter.49}% 332
\BOOKMARK [1][-]{section.49.3}{\376\377\0004\0009\000.\0003\000\040\116\214\176\364\154\342\152\041}{chapter.49}% 333
\BOOKMARK [1][-]{section.49.4}{\376\377\0004\0009\000.\0004\000\040\200\046\124\010\144\106}{chapter.49}% 334
\BOOKMARK [1][-]{section.49.5}{\376\377\0004\0009\000.\0005\000\040\176\277\140\047\174\373\176\337}{chapter.49}% 335
\BOOKMARK [0][-]{chapter.50}{\376\377\173\054\116\224\123\101\172\340\000\040\000\040\214\020\154\342}{part.1}% 336
\BOOKMARK [1][-]{section.50.1}{\376\377\0005\0000\000.\0001\000\040\116\120\227\363}{chapter.50}% 337
\BOOKMARK [1][-]{section.50.2}{\376\377\0005\0000\000.\0002\000\040\120\205\221\314\123\366\176\247\145\160}{chapter.50}% 338
\BOOKMARK [1][-]{section.50.3}{\376\377\0005\0000\000.\0003\000\040\227\363\202\162\116\016\214\020\124\214}{chapter.50}% 339
\BOOKMARK [1][-]{section.50.4}{\376\377\0005\0000\000.\0004\000\040\120\205\221\314\123\366\174\373\145\160}{chapter.50}% 340
\BOOKMARK [1][-]{section.50.5}{\376\377\0005\0000\000.\0005\000\040\200\375\221\317\133\232\164\006}{chapter.50}% 341
\BOOKMARK [1][-]{section.50.6}{\376\377\0005\0000\000.\0006\000\040\227\136\176\277\140\047\124\315\136\224}{chapter.50}% 342
\BOOKMARK [0][-]{chapter.51}{\376\377\173\054\116\224\123\101\116\000\172\340\000\040\000\040\154\342}{part.1}% 343
\BOOKMARK [1][-]{section.51.1}{\376\377\0005\0001\000.\0001\000\040\202\067\154\342}{chapter.51}% 344
\BOOKMARK [1][-]{section.51.2}{\376\377\0005\0001\000.\0002\000\040\121\262\121\373\154\342}{chapter.51}% 345
\BOOKMARK [1][-]{section.51.3}{\376\377\0005\0001\000.\0003\000\040\126\372\117\123\116\055\166\204\154\342}{chapter.51}% 346
\BOOKMARK [1][-]{section.51.4}{\376\377\0005\0001\000.\0004\000\040\210\150\227\142\154\342}{chapter.51}% 347
\BOOKMARK [0][-]{chapter.52}{\376\377\173\054\116\224\123\101\116\214\172\340\000\040\000\040\162\151\164\006\133\232\137\213\166\204\133\371\171\360\140\047}{part.1}% 348
\BOOKMARK [1][-]{section.52.1}{\376\377\0005\0002\000.\0001\000\040\133\371\171\360\144\315\117\134}{chapter.52}% 349
\BOOKMARK [1][-]{section.52.2}{\376\377\0005\0002\000.\0002\000\040\172\172\225\364\116\016\145\366\225\364\166\204\133\371\171\360\140\047}{chapter.52}% 350
\BOOKMARK [1][-]{section.52.3}{\376\377\0005\0002\000.\0003\000\040\133\371\171\360\140\047\116\016\133\210\140\122\133\232\137\213}{chapter.52}% 351
\BOOKMARK [1][-]{section.52.4}{\376\377\0005\0002\000.\0004\000\040\225\134\227\142\123\315\134\004}{chapter.52}% 352
\BOOKMARK [1][-]{section.52.5}{\376\377\0005\0002\000.\0005\000\040\147\201\167\342\221\317\116\016\217\164\167\342\221\317}{chapter.52}% 353
\BOOKMARK [1][-]{section.52.6}{\376\377\0005\0002\000.\0006\000\040\124\352\116\000\123\352\146\057\123\363\142\113}{chapter.52}% 354
\BOOKMARK [1][-]{section.52.7}{\376\377\0005\0002\000.\0007\000\040\133\207\171\360\116\015\133\210\140\122}{chapter.52}% 355
\BOOKMARK [1][-]{section.52.8}{\376\377\0005\0002\000.\0008\000\040\123\315\162\151\215\050}{chapter.52}% 356
\BOOKMARK [1][-]{section.52.9}{\376\377\0005\0002\000.\0009\000\040\133\371\171\360\170\064\177\072}{chapter.52}% 357
\BOOKMARK [-1][-]{part.2}{\376\377\173\054\116\214\220\350\122\006\000\040\165\065\170\301\133\146\124\214\162\151\215\050}{}% 358
\BOOKMARK [0][-]{chapter.53}{\376\377\173\054\116\224\123\101\116\011\172\340\000\040\000\040\165\065\170\301\133\146}{part.2}% 359
\BOOKMARK [1][-]{section.53.1}{\376\377\0005\0003\000.\0001\000\040\165\065\122\233}{chapter.53}% 360
\BOOKMARK [-1][-]{part.3}{\376\377\173\054\116\011\220\350\122\006\000\040\221\317\133\120\122\233\133\146}{}% 361
\BOOKMARK [0][-]{chapter.54}{\376\377\173\054\116\224\123\101\126\333\172\340\000\040\000\040\221\317\133\120\210\114\116\072}{part.3}% 362
\BOOKMARK [1][-]{section.54.1}{\376\377\0005\0004\000.\0001\000\040\123\237\133\120\122\233\133\146}{chapter.54}% 363
\BOOKMARK [-1][-]{Appendix.-1}{\376\377\226\104\137\125}{}% 364
